15:58:55 **** Incremental Build of configuration Debug for project ultrasoon_app ****
make all 
make --no-print-directory pre-build
a9-linaro-pre-build-step
' '
make --no-print-directory main-build
'Building file: ../src/helloworld.c'
'Invoking: ARM v7 gcc compiler'
arm-none-eabi-gcc -Wall -O0 -g3 -c -fmessage-length=0 -MT"src/helloworld.o" -mcpu=cortex-a9 -mfpu=vfpv3 -mfloat-abi=hard -IC:/Car/Car_Project/Ultrasoon/Vitis/xsaUltrasoon/export/xsaUltrasoon/sw/xsaUltrasoon/standalone_ps7_cortexa9_0/bspinclude/include -MMD -MP -MF"src/helloworld.d" -MT"src/helloworld.o" -o "src/helloworld.o" "../src/helloworld.c"
'Finished building: ../src/helloworld.c'
' '
'Building target: ultrasoon_app.elf'
'Invoking: ARM v7 gcc linker'
arm-none-eabi-gcc -mcpu=cortex-a9 -mfpu=vfpv3 -mfloat-abi=hard -Wl,-build-id=none -specs=Xilinx.spec -Wl,-T -Wl,../src/lscript.ld -LC:/Car/Car_Project/Ultrasoon/Vitis/xsaUltrasoon/export/xsaUltrasoon/sw/xsaUltrasoon/standalone_ps7_cortexa9_0/bsplib/lib -o "ultrasoon_app.elf"  ./src/helloworld.o ./src/platform.o   -Wl,--start-group,-lxil,-lgcc,-lc,--end-group
'Finished building target: ultrasoon_app.elf'
' '
'Invoking: ARM v7 Print Size'
arm-none-eabi-size ultrasoon_app.elf  |tee "ultrasoon_app.elf.size"
   text	   data	    bss	    dec	    hex	filename
  28041	   2184	  22640	  52865	   ce81	ultrasoon_app.elf
'Finished building: ultrasoon_app.elf.size'
' '

15:58:57 Build Finished (took 2s.18ms)

